../Core/Src/main.c:63:5:__io_putchar	16	static
../Core/Src/main.c:73:6:HAL_TIM_IC_CaptureCallback	16	static
../Core/Src/main.c:105:6:change_brightness	32	static
../Core/Src/main.c:140:6:toggle_led	16	static
../Core/Src/main.c:150:6:led_reset	32	static
../Core/Src/main.c:186:6:color_patern	16	static
../Core/Src/main.c:209:6:automatic_mode1	8	static
../Core/Src/main.c:228:6:automatic_mode2	24	static
../Core/Src/main.c:244:6:automatic_mode3	16	static
../Core/Src/main.c:280:6:automatic_mode4	16	static
../Core/Src/main.c:318:5:main	112	static
../Core/Src/main.c:517:6:SystemClock_Config	96	static
../Core/Src/main.c:571:6:Error_Handler	4	static,ignoring_inline_asm
