../Core/Src/main.c:64:5:__io_putchar	16	static
../Core/Src/main.c:74:6:HAL_TIM_IC_CaptureCallback	16	static
../Core/Src/main.c:106:6:change_brightness	32	static
../Core/Src/main.c:141:6:toggle_led	16	static
../Core/Src/main.c:151:6:led_reset	24	static
../Core/Src/main.c:189:6:color_patern	16	static
../Core/Src/main.c:212:6:automatic_mode1	8	static
../Core/Src/main.c:231:6:automatic_mode2	24	static
../Core/Src/main.c:247:6:automatic_mode3	16	static
../Core/Src/main.c:283:6:automatic_mode4	16	static
../Core/Src/main.c:321:5:main	112	static
../Core/Src/main.c:520:6:SystemClock_Config	96	static
../Core/Src/main.c:574:6:Error_Handler	4	static,ignoring_inline_asm
